<!DOCTYPE suite SYSTEM "http://testng.org/testng-1.0.dtd" >
  
<suite name="Resource" parallel="classes" thread-count="55">
    <test name="sql" >
        <classes>
            <class name="know.RealFile"/>
        </classes>
    </test>
</suite>